// Jest Snapshot v1, https://goo.gl/fbAQLP

exports[`Options resolve: resolved options 1`] = `
Object {
  "exclude": Array [],
  "extendRoute": undefined,
  "extensions": Array [
    "svelte",
  ],
  "extensionsRE": /\\\\\\.\\(svelte\\)\\$/,
  "importMode": "async",
  "onClientGenerated": undefined,
  "onRoutesGenerated": undefined,
  "pagesDir": Array [
    Object {
      "baseRoute": "",
      "dir": "test/assets/pages",
    },
  ],
  "root": Any<String>,
  "syncIndex": true,
}
`;
