// Jest Snapshot v1, https://goo.gl/fbAQLP

exports[`Pages resolvePages: resolvePages 1`] = `
Array [
  Object {
    "path": "/home/reinaldy/repository/vite-plugin-pages-svelte/test/assets/pages/about.svelte",
  },
  Object {
    "children": Array [
      Object {
        "path": "/home/reinaldy/repository/vite-plugin-pages-svelte/test/assets/pages/about/index.svelte",
      },
    ],
    "path": "/home/reinaldy/repository/vite-plugin-pages-svelte/test/assets/pages/about",
  },
  Object {
    "path": "/home/reinaldy/repository/vite-plugin-pages-svelte/test/assets/pages/index.svelte",
  },
  Object {
    "path": "/home/reinaldy/repository/vite-plugin-pages-svelte/test/assets/pages/[userId].svelte",
  },
  Object {
    "path": "/home/reinaldy/repository/vite-plugin-pages-svelte/test/assets/pages/components.svelte",
  },
  Object {
    "children": Array [
      Object {
        "path": "/home/reinaldy/repository/vite-plugin-pages-svelte/test/assets/pages/[sensor]/current.svelte",
      },
      Object {
        "path": "/home/reinaldy/repository/vite-plugin-pages-svelte/test/assets/pages/[sensor]/[...all].svelte",
      },
    ],
    "path": "/home/reinaldy/repository/vite-plugin-pages-svelte/test/assets/pages/[sensor]",
  },
  Object {
    "children": Array [
      Object {
        "path": "/home/reinaldy/repository/vite-plugin-pages-svelte/test/assets/pages/blog/index.svelte",
      },
      Object {
        "path": "/home/reinaldy/repository/vite-plugin-pages-svelte/test/assets/pages/blog/[id].svelte",
      },
      Object {
        "children": Array [
          Object {
            "path": "/home/reinaldy/repository/vite-plugin-pages-svelte/test/assets/pages/blog/today/index.svelte",
          },
        ],
        "path": "/home/reinaldy/repository/vite-plugin-pages-svelte/test/assets/pages/blog/today",
      },
    ],
    "path": "/home/reinaldy/repository/vite-plugin-pages-svelte/test/assets/pages/blog",
  },
  Object {
    "path": "/home/reinaldy/repository/vite-plugin-pages-svelte/test/assets/pages/[...all].svelte",
  },
  Object {
    "children": Array [
      Object {
        "path": "/home/reinaldy/repository/vite-plugin-pages-svelte/test/assets/pages/__test__/index.svelte",
      },
    ],
    "path": "/home/reinaldy/repository/vite-plugin-pages-svelte/test/assets/pages/__test__",
  },
]
`;
