// Jest Snapshot v1, https://goo.gl/fbAQLP

exports[`Stringify routes Should stringify: stringify route 1`] = `
Object {
  "imports": Array [
    "import _home_foo_bar_index_svelte from \\"/home/foo/bar/index.svelte\\"",
  ],
  "stringRoutes": "[{name: \\"index\\", component: _home_foo_bar_index_svelte,},{name: \\"about\\", nestedRoutes: [object Object][object Object]},]",
}
`;
